---
source: vhdl_syntax/src/parser/productions/subtype.rs
expression: "to_test_text(Parser::subtype_indication, \"integer_vector(lib.foo.bar)\")"
---
SubtypeIndication
  Name
    Identifier 'integer_vector'
    ParenthesizedName
      LeftPar
      AssociationList
        AssociationElement
          ActualPart
            ActualPartExpression
              NameExpression
                Name
                  Identifier 'lib'
                  SelectedName
                    Dot
                    Identifier 'foo'
                  SelectedName
                    Dot
                    Identifier 'bar'
      RightPar
