---
source: vhdl_syntax/src/parser/productions/concurrent_statement.rs
expression: "stmt_to_test_text(\"assert cond = true;\",)"
---
ConcurrentAssertionStatement
  Assertion
    Keyword(Assert)
    BinaryExpression
      NameExpression
        Name
          NameDesignatorPrefix
            Identifier 'cond'
      EQ
      NameExpression
        Name
          NameDesignatorPrefix
            Identifier 'true'
  SemiColon
