---
source: vhdl_syntax/src/parser/productions/signature.rs
expression: "to_test_text(Parser::signature, \"[arg1_t, arg2_t]\")"
---
Signature
  LeftSquare
  NameList
    Name
      NameDesignatorPrefix
        Identifier 'arg1_t'
    Comma
    Name
      NameDesignatorPrefix
        Identifier 'arg2_t'
  RightSquare
