---
source: vhdl_syntax/src/parser/productions/subtype.rs
expression: "to_test_text(Parser::subtype_indication, \"((resolved)) unresolved_slv_array\")"
---
SubtypeIndication
  ParenthesizedElementResolutionResolutionIndication
    LeftPar
    ElementResolutionResolutionIndication
      ResolutionIndicationElementResolution
        ParenthesizedElementResolutionResolutionIndication
          LeftPar
          ElementResolutionResolutionIndication
            ResolutionIndicationElementResolution
              NameResolutionIndication
                Name
                  Identifier 'resolved'
          RightPar
    RightPar
  Name
    Identifier 'unresolved_slv_array'
