---
source: vhdl_syntax/src/parser/productions/subtype.rs
expression: "to_test_text(Parser::subtype_indication, \"(resolve) integer_vector\")"
---
SubtypeIndication
  ParenthesizedElementResolutionResolutionIndication
    LeftPar
    ElementResolutionResolutionIndication
      ResolutionIndicationElementResolution
        NameResolutionIndication
          Name
            Identifier 'resolve'
    RightPar
  Name
    Identifier 'integer_vector'
