---
source: vhdl_syntax/src/parser/productions/sequential_statement.rs
expression: "to_test_text(Parser::if_statement,\n\"\\\nif cond = true then\n   foo(1,2);\nelsif cond2 = false then\n   y := 2;\nelse\n   x := 1;\nend if;\")"
---
IfStatement
  Keyword(If)
  BinaryExpression
    NameExpression
      Name
        Identifier 'cond'
    EQ
    NameExpression
      Name
        Identifier 'true'
  Keyword(Then)
  SequentialStatements
    ProcedureCallStatement
      NameTarget
        Name
          Identifier 'foo'
          RawTokens
            LeftPar
            AbstractLiteral '1'
            Comma
            AbstractLiteral '2'
            RightPar
      SemiColon
  IfStatementElsif
    Keyword(Elsif)
    BinaryExpression
      NameExpression
        Name
          Identifier 'cond2'
      EQ
      NameExpression
        Name
          Identifier 'false'
    Keyword(Then)
    SequentialStatements
      SimpleVariableAssignment
        NameTarget
          Name
            Identifier 'y'
        ColonEq
        LiteralExpression
          AbstractLiteral '2'
        SemiColon
  IfStatementElse
    Keyword(Else)
    SequentialStatements
      SimpleVariableAssignment
        NameTarget
          Name
            Identifier 'x'
        ColonEq
        LiteralExpression
          AbstractLiteral '1'
        SemiColon
  Keyword(End)
  Keyword(If)
  SemiColon
