---
source: vhdl_syntax/src/parser/productions/types.rs
expression: "to_test_text(Parser::type_declaration,\n\"type p_t is protected end protected p_t;\")"
---
FullTypeDeclaration
  Keyword(Type)
  Identifier 'p_t'
  Keyword(Is)
  ProtectedTypeDeclaration
    Keyword(Protected)
    ProtectedTypeBodyEpilogue
      Keyword(End)
      Keyword(Protected)
      Identifier 'p_t'
  SemiColon
