---
source: vhdl_syntax/src/parser/productions/subprogram.rs
expression: "to_test_text(Parser::subprogram_body,\n\"\\\nfunction foo(arg : natural) return natural is\n  constant foo : natural := 0;\nbegin\n  return foo + arg;\nend function;\")"
---
SubprogramBody
  FunctionSpecification
    Keyword(Function)
    Identifier 'foo'
    SubprogramHeader
    ParameterList
      ParenthesizedInterfaceList
        LeftPar
        InterfaceList
          InterfaceConstantDeclaration
            IdentifierList
              Identifier 'arg'
            Colon
            SubtypeIndication
              Name
                Identifier 'natural'
        RightPar
    Keyword(Return)
    Name
      Identifier 'natural'
  Keyword(Is)
  ConstantDeclaration
    Keyword(Constant)
    IdentifierList
      Identifier 'foo'
    Colon
    SubtypeIndication
      Name
        Identifier 'natural'
    ColonEq
    LiteralExpression
      AbstractLiteral '0'
    SemiColon
  Keyword(Begin)
  SequentialStatements
    ReturnStatement
      Keyword(Return)
      BinaryExpression
        NameExpression
          Name
            Identifier 'foo'
        Plus
        NameExpression
          Name
            Identifier 'arg'
      SemiColon
  Keyword(End)
  Keyword(Function)
  SemiColon
