---
source: vhdl_syntax/src/parser/productions/sequential_statement.rs
expression: "stmt_to_test_text(\"\\\nfoo(0) := bar(1,2) when cond = true else expr2 when cond2;\n        \")"
---
ConditionalVariableAssignment
  NameTarget
    Name
      NameDesignatorPrefix
        Identifier 'foo'
      ParenthesizedName
        LeftPar
        AssociationList
          AssociationElement
            ActualPart
              ActualPartExpression
                LiteralExpression
                  AbstractLiteral '0'
        RightPar
  ColonEq
  ConditionalExpressions
    ConditionalExpression
      NameExpression
        Name
          NameDesignatorPrefix
            Identifier 'bar'
          ParenthesizedName
            LeftPar
            AssociationList
              AssociationElement
                ActualPart
                  ActualPartExpression
                    LiteralExpression
                      AbstractLiteral '1'
              Comma
              AssociationElement
                ActualPart
                  ActualPartExpression
                    LiteralExpression
                      AbstractLiteral '2'
            RightPar
      Keyword(When)
      BinaryExpression
        NameExpression
          Name
            NameDesignatorPrefix
              Identifier 'cond'
        EQ
        NameExpression
          Name
            NameDesignatorPrefix
              Identifier 'true'
    ConditionalElseWhenExpression
      Keyword(Else)
      NameExpression
        Name
          NameDesignatorPrefix
            Identifier 'expr2'
      Keyword(When)
      NameExpression
        Name
          NameDesignatorPrefix
            Identifier 'cond2'
  SemiColon
