---
source: vhdl_syntax/src/parser/productions/configuration_declarations.rs
expression: "to_test_text(Parser::configuration_declaration,\n\"\\\nconfiguration cfg of entity_name is\n  use lib.foo.bar;\n  use lib2.foo.bar;\n  for rtl(0)\n  end for;\nend configuration cfg;\",)"
---
ConfigurationDeclaration
  ConfigurationDeclarationPreamble
    Keyword(Configuration)
    Identifier 'cfg'
    Keyword(Of)
    Name
      Identifier 'entity_name'
    Keyword(Is)
  ConfigurationDeclarationItems
    UseClauseDeclaration
      UseClause
        Keyword(Use)
        NameList
          Name
            Identifier 'lib'
            SelectedName
              Dot
              Identifier 'foo'
            SelectedName
              Dot
              Identifier 'bar'
        SemiColon
    UseClauseDeclaration
      UseClause
        Keyword(Use)
        NameList
          Name
            Identifier 'lib2'
            SelectedName
              Dot
              Identifier 'foo'
            SelectedName
              Dot
              Identifier 'bar'
        SemiColon
    BlockConfiguration
      BlockConfigurationPreamble
        Keyword(For)
        Name
          Identifier 'rtl'
          RawTokens
            LeftPar
            AbstractLiteral '0'
            RightPar
      BlockConfigurationEpilogue
        Keyword(End)
        Keyword(For)
        SemiColon
  ConfigurationDeclarationEpilogue
    Keyword(End)
    Keyword(Configuration)
    Identifier 'cfg'
    SemiColon
