---
source: vhdl_syntax/src/parser/productions/sequential_statement.rs
expression: "to_test_text(Parser::sequential_statement, \"foo(0) <= release;\")"
---
SimpleReleaseAssignment
  NameTarget
    Name
      Identifier 'foo'
      RawTokens
        LeftPar
        AbstractLiteral '0'
        RightPar
  LTE
  Keyword(Release)
  SemiColon
