---
source: vhdl_syntax/src/parser/productions/object_declaration.rs
expression: "$crate :: parser :: test_utils :: render_recovery(code, & tree, & diags)"
---
== source ==
signal clk std_logic;

== tree ==
SignalDeclaration
  Keyword(Signal)
  IdentifierList
    Identifier 'clk'
  SubtypeIndication
    Name
      Identifier 'std_logic'
  SemiColon

== diagnostics ==
1:11 Expected([Colon])
