---
source: vhdl_syntax/src/parser/productions/interface.rs
expression: "$crate :: parser :: test_utils :: render_recovery(code, & tree, & diags)"
---
== source ==
port();

== tree ==
PortClause
  Keyword(Port)
  LeftPar
  RightPar
  SemiColon

== diagnostics ==
1:6 Expected([Keyword(Signal), Keyword(Constant), Keyword(Variable), Identifier, Keyword(File), Keyword(Type), Keyword(Function), Keyword(Procedure), Keyword(Impure), Keyword(Pure), Keyword(Package)])
