---
source: vhdl_syntax/src/parser/productions/concurrent_statement.rs
expression: "stmt_to_test_text(\"\\\ngen: case expr(0) + 2 generate\n  when 1 | 2 =>\n    sig <= value;\n  when others =>\n    foo(clk);\nend generate;\",)"
---
CaseGenerateStatement
  Label
    Identifier 'gen'
    Colon
  Keyword(Case)
  BinaryExpression
    NameExpression
      Name
        Identifier 'expr'
        RawTokens
          LeftPar
          AbstractLiteral '0'
          RightPar
    Plus
    LiteralExpression
      AbstractLiteral '2'
  Keyword(Generate)
  CaseGenerateAlternative
    Keyword(When)
    Choices
      LiteralExpression
        AbstractLiteral '1'
      Bar
      LiteralExpression
        AbstractLiteral '2'
    RightArrow
    GenerateStatementBody
      ConcurrentSimpleSignalAssignment
        NameTarget
          Name
            Identifier 'sig'
        LTE
        WaveformElements
          WaveformElement
            NameExpression
              Name
                Identifier 'value'
        SemiColon
  CaseGenerateAlternative
    Keyword(When)
    Choices
      Keyword(Others)
    RightArrow
    GenerateStatementBody
      ConcurrentProcedureCallOrComponentInstantiationStatement
        Name
          Identifier 'foo'
          RawTokens
            LeftPar
            Identifier 'clk'
            RightPar
        SemiColon
  Keyword(End)
  Keyword(Generate)
  SemiColon
