---
source: vhdl_syntax/src/parser/productions/concurrent_statement.rs
expression: "stmt_to_test_text(\"\\\ninst: lib.foo.bar\n  generic map (\n   const => 1\n  );\",)"
---
ComponentInstantiationStatement
  StmtLabel
    Identifier 'inst'
    Colon
  InstantiatedComponent
    Name
      NameDesignatorPrefix
        Identifier 'lib'
      SelectedName
        Dot
        Identifier 'foo'
      SelectedName
        Dot
        Identifier 'bar'
  GenericMapAspect
    Keyword(Generic)
    Keyword(Map)
    LeftPar
    AssociationList
      AssociationElement
        Formal
          Name
            NameDesignatorPrefix
              Identifier 'const'
          RightArrow
        ActualPart
          ActualPartExpression
            LiteralExpression
              AbstractLiteral '1'
    RightPar
  SemiColon
