---
source: vhdl_syntax/src/parser/productions/sequential_statement.rs
expression: "stmt_to_test_text(\"foo(0) := bar(1,2);\")"
---
SimpleVariableAssignment
  NameTarget
    Name
      NameDesignatorPrefix
        Identifier 'foo'
      ParenthesizedName
        LeftPar
        AssociationList
          AssociationElement
            ActualPart
              ActualPartExpression
                LiteralExpression
                  AbstractLiteral '0'
        RightPar
  ColonEq
  NameExpression
    Name
      NameDesignatorPrefix
        Identifier 'bar'
      ParenthesizedName
        LeftPar
        AssociationList
          AssociationElement
            ActualPart
              ActualPartExpression
                LiteralExpression
                  AbstractLiteral '1'
          Comma
          AssociationElement
            ActualPart
              ActualPartExpression
                LiteralExpression
                  AbstractLiteral '2'
        RightPar
  SemiColon
