---
source: vhdl_syntax/src/parser/productions/sequential_statement.rs
expression: "stmt_to_test_text(\"(foo, 1 => bar) := bar;\")"
---
SimpleVariableAssignment
  AggregateTarget
    Aggregate
      LeftPar
      ElementAssociation
        NameExpression
          Name
            NameDesignatorPrefix
              Identifier 'foo'
      Comma
      ElementAssociation
        Choices
          ExpressionChoice
            LiteralExpression
              AbstractLiteral '1'
        RightArrow
        NameExpression
          Name
            NameDesignatorPrefix
              Identifier 'bar'
      RightPar
  ColonEq
  NameExpression
    Name
      NameDesignatorPrefix
        Identifier 'bar'
  SemiColon
