---
source: vhdl_syntax/src/parser/productions/expression.rs
expression: "expr_to_test_text(\"foo'(1+2)\")"
---
QualifiedExpression
  Name
    Identifier 'foo'
  Tick
  ParenthesizedExpressionOrAggregate
    LeftPar
    ElementAssociation
      BinaryExpression
        LiteralExpression
          AbstractLiteral '1'
        Plus
        LiteralExpression
          AbstractLiteral '2'
    RightPar
