---
source: vhdl_syntax/src/parser/productions/expression.rs
expression: "expr_to_test_text(\"foo'(others => '1')\")"
---
QualifiedExpression
  Name
    NameDesignatorPrefix
      Identifier 'foo'
  Tick
  ParenthesizedExpressionOrAggregate
    LeftPar
    ElementAssociation
      Choices
        OthersChoice
          Keyword(Others)
      RightArrow
      LiteralExpression
        CharacterLiteral ''1''
    RightPar
