---
source: vhdl_syntax/src/parser/productions/sequential_statement.rs
expression: "to_test_text(Parser::if_statement, \"\\\nif cond = true then\nend if;\")"
---
IfStatement
  Keyword(If)
  BinaryExpression
    NameExpression
      Name
        Identifier 'cond'
    EQ
    NameExpression
      Name
        Identifier 'true'
  Keyword(Then)
  SequentialStatements
  Keyword(End)
  Keyword(If)
  SemiColon
