---
source: vhdl_syntax/src/parser/productions/names.rs
expression: "name_to_test_text(\"foo(arg => 0)\")"
---
Name
  NameDesignatorPrefix
    Identifier 'foo'
  ParenthesizedName
    LeftPar
    AssociationList
      AssociationElement
        FormalPart
          Name
            NameDesignatorPrefix
              Identifier 'arg'
        RightArrow
        ActualPart
          ActualPartExpression
            LiteralExpression
              AbstractLiteral '0'
    RightPar
