---
source: vhdl_syntax/src/parser/productions/scalar_types.rs
expression: "to_test_text(Parser::type_declaration,\n\"\\\ntype dec_t is range 0 to 1e10 units\n    prim;\n    sec        = 2 prim;\n    ter        = 3 prim;\n    alias_prim =   prim;\nend units;\")"
---
FullTypeDeclaration
  Keyword(Type)
  Identifier 'dec_t'
  Keyword(Is)
  PhysicalTypeDefinition
    RangeConstraint
      Keyword(Range)
      BinaryExpression
        LiteralExpression
          AbstractLiteral '0'
        Keyword(To)
        LiteralExpression
          AbstractLiteral '1e10'
    UnitDeclarations
      Keyword(Units)
      PrimaryUnitDeclaration
        Identifier 'prim'
        SemiColon
      SecondaryUnitDeclaration
        Identifier 'sec'
        EQ
        PhysicalLiteral
          AbstractLiteral '2'
          Name
            NameDesignatorPrefix
              Identifier 'prim'
        SemiColon
      SecondaryUnitDeclaration
        Identifier 'ter'
        EQ
        PhysicalLiteral
          AbstractLiteral '3'
          Name
            NameDesignatorPrefix
              Identifier 'prim'
        SemiColon
      SecondaryUnitDeclaration
        Identifier 'alias_prim'
        EQ
        PhysicalLiteral
          Name
            NameDesignatorPrefix
              Identifier 'prim'
        SemiColon
    PhysicalTypeDefinitionEpilogue
      Keyword(End)
      Keyword(Units)
  SemiColon
