---
source: vhdl_syntax/src/parser/productions/sequential_statement.rs
expression: "to_test_text(Parser::wait_statement, \"wait on foo, bar;\")"
---
WaitStatement
  Keyword(Wait)
  SensitivityClause
    Keyword(On)
    NameList
      Name
        NameDesignatorPrefix
          Identifier 'foo'
      Comma
      Name
        NameDesignatorPrefix
          Identifier 'bar'
  SemiColon
