---
source: vhdl_syntax/src/parser/productions/sequential_statement.rs
expression: "to_test_text(Parser::sequential_statement,\n\"\\\nwith x(0) + 1 select\n   foo(0) <= transport bar(1,2) after 2 ns when 0|1,\n                       def when others;\n        \")"
---
SelectedWaveformAssignment
  Keyword(With)
  BinaryExpression
    NameExpression
      Name
        Identifier 'x'
        RawTokens
          LeftPar
          AbstractLiteral '0'
          RightPar
    Plus
    LiteralExpression
      AbstractLiteral '1'
  Keyword(Select)
  NameTarget
    Name
      Identifier 'foo'
      RawTokens
        LeftPar
        AbstractLiteral '0'
        RightPar
  LTE
  TransportDelayMechanism
    Keyword(Transport)
  SelectedWaveforms
    SelectedWaveformItem
      WaveformElements
        WaveformElement
          NameExpression
            Name
              Identifier 'bar'
              RawTokens
                LeftPar
                AbstractLiteral '1'
                Comma
                AbstractLiteral '2'
                RightPar
          Keyword(After)
          PhysicalLiteral
            AbstractLiteral '2'
            Name
              Identifier 'ns'
      Keyword(When)
      Choices
        LiteralExpression
          AbstractLiteral '0'
        Bar
        LiteralExpression
          AbstractLiteral '1'
    Comma
    SelectedWaveformItem
      WaveformElements
        WaveformElement
          NameExpression
            Name
              Identifier 'def'
      Keyword(When)
      Choices
        Keyword(Others)
  SemiColon
