---
source: vhdl_syntax/src/parser/productions/sequential_statement.rs
expression: "to_test_text(Parser::loop_statement,\n\"\\\nwhile foo = true loop\n  stmt1;\n  stmt2;\nend loop;\")"
---
LoopStatement
  LoopStatementPreamble
    WhileIterationScheme
      Keyword(While)
      BinaryExpression
        NameExpression
          Name
            NameDesignatorPrefix
              Identifier 'foo'
        EQ
        NameExpression
          Name
            NameDesignatorPrefix
              Identifier 'true'
    Keyword(Loop)
  SequentialStatements
    ProcedureCallStatement
      Name
        NameDesignatorPrefix
          Identifier 'stmt1'
      SemiColon
    ProcedureCallStatement
      Name
        NameDesignatorPrefix
          Identifier 'stmt2'
      SemiColon
  LoopStatementEpilogue
    Keyword(End)
    Keyword(Loop)
    SemiColon
