---
source: vhdl_syntax/src/parser/productions/concurrent_statement.rs
expression: "stmt_to_test_text(\"\\\npostponed process\nbegin\nend postponed process;\",)"
---
ProcessStatement
  ProcessStatementPreamble
    Keyword(Postponed)
    Keyword(Process)
  DeclarationStatementSeparator
    Keyword(Begin)
  ProcessStatementEpilogue
    Keyword(End)
    Keyword(Postponed)
    Keyword(Process)
    SemiColon
