---
source: vhdl_syntax/src/parser/productions/expression.rs
expression: "expr_to_test_text(\"(others => 1, others => 2)\")"
---
ParenthesizedExpressionOrAggregate
  LeftPar
  ElementAssociation
    Choices
      OthersChoice
        Keyword(Others)
    RightArrow
    LiteralExpression
      AbstractLiteral '1'
  Comma
  ElementAssociation
    Choices
      OthersChoice
        Keyword(Others)
    RightArrow
    LiteralExpression
      AbstractLiteral '2'
  RightPar
