---
source: vhdl_syntax/src/parser/productions/interface.rs
expression: "to_test_text(Parser::actual_part, \"(resolve) bit_vector\")"
---
ActualPart
  ActualPartSubtypeIndication
    SubtypeIndication
      ParenthesizedElementResolutionResolutionIndication
        LeftPar
        ElementResolutionResolutionIndication
          ResolutionIndicationElementResolution
            NameResolutionIndication
              Name
                NameDesignatorPrefix
                  Identifier 'resolve'
        RightPar
      Name
        NameDesignatorPrefix
          Identifier 'bit_vector'
