---
source: vhdl_syntax/src/parser/productions/subtype.rs
expression: "to_test_text(Parser::subtype_indication, \"integer range 0 to 2-1\")"
---
SubtypeIndication
  Name
    Identifier 'integer'
  RangeConstraint
    Keyword(Range)
    RangeExpression
      LiteralExpression
        AbstractLiteral '0'
      Keyword(To)
      BinaryExpression
        LiteralExpression
          AbstractLiteral '2'
        Minus
        LiteralExpression
          AbstractLiteral '1'
