---
source: vhdl_syntax/src/parser/productions/alias_declaration.rs
expression: "to_test_text(Parser::alias_declaration,\n\"alias foo is name [return natural];\",)"
---
AliasDeclaration
  Keyword(Alias)
  Identifier 'foo'
  Keyword(Is)
  Name
    NameDesignatorPrefix
      Identifier 'name'
  Signature
    LeftSquare
    Keyword(Return)
    Name
      NameDesignatorPrefix
        Identifier 'natural'
    RightSquare
  SemiColon
