---
source: vhdl_syntax/src/parser/productions/subprogram.rs
expression: "to_test_text(Parser::subprogram_declaration,\n\"impure function foo return lib.foo.natural;\")"
---
SubprogramDeclaration
  FunctionSpecification
    Keyword(Impure)
    Keyword(Function)
    Identifier 'foo'
    SubprogramHeader
    Keyword(Return)
    Name
      Identifier 'lib'
      SelectedName
        Dot
        Identifier 'foo'
      SelectedName
        Dot
        Identifier 'natural'
  SemiColon
