---
source: vhdl_syntax/src/parser/productions/sequential_statement.rs
expression: "to_test_text(Parser::loop_statement,\n\"\\\nlbl: loop\n  stmt1;\n  stmt2;\nend loop lbl;\")"
---
LoopStatement
  Label
    Identifier 'lbl'
    Colon
  Keyword(Loop)
  SequentialStatements
    ProcedureCallStatement
      NameTarget
        Name
          Identifier 'stmt1'
      SemiColon
    ProcedureCallStatement
      NameTarget
        Name
          Identifier 'stmt2'
      SemiColon
  Keyword(End)
  Keyword(Loop)
  Identifier 'lbl'
  SemiColon
