---
source: vhdl_syntax/src/parser/productions/package.rs
expression: "to_test_text(Parser::package,\n\"\\\npackage pkg_name is\n  type foo;\n  constant bar : natural := 0;\nend package;\")"
---
Package
  PackagePreamble
    Keyword(Package)
    Identifier 'pkg_name'
    Keyword(Is)
  Declarations
    IncompleteTypeDeclaration
      Keyword(Type)
      Identifier 'foo'
      SemiColon
    ConstantDeclaration
      Keyword(Constant)
      IdentifierList
        Identifier 'bar'
      Colon
      SubtypeIndication
        Name
          Identifier 'natural'
      ColonEq
      LiteralExpression
        AbstractLiteral '0'
      SemiColon
  PackageEpilogue
    Keyword(End)
    Keyword(Package)
    SemiColon
