---
source: vhdl_syntax/src/parser/productions/sequential_statement.rs
expression: "to_test_text(Parser::loop_statement,\n\"\\\nlbl: loop\n  stmt1;\n  stmt2;\nend loop lbl;\")"
---
LoopStatement
  LoopStatementPreamble
    StmtLabel
      Identifier 'lbl'
      Colon
    Keyword(Loop)
  SequenceOfStatements
    ProcedureCallStatement
      Name
        NameDesignatorPrefix
          Identifier 'stmt1'
      SemiColon
    ProcedureCallStatement
      Name
        NameDesignatorPrefix
          Identifier 'stmt2'
      SemiColon
  LoopStatementEpilogue
    Keyword(End)
    Keyword(Loop)
    Identifier 'lbl'
    SemiColon
