---
source: vhdl_syntax/src/parser/productions/entity_declaration.rs
expression: "to_test_text(Parser::entity_declaration,\n\"\\\nentity my_ent is\n    generic();\nbegin\nend my_ent;\n\",)"
---
EntityDeclaration
  EntityDeclarationPreamble
    Keyword(Entity)
    Identifier 'my_ent'
    Keyword(Is)
  EntityHeader
    GenericClause
      GenericClausePreamble
        Keyword(Generic)
        LeftPar
      GenericClauseEpilogue
        RightPar
        SemiColon
  DeclarationStatementSeparator
    Keyword(Begin)
  EntityDeclarationEpilogue
    Keyword(End)
    Identifier 'my_ent'
    SemiColon
