---
source: vhdl_syntax/src/parser/productions/concurrent_statement.rs
expression: "stmt_to_test_text(\"foo(clk);\",)"
---
ConcurrentProcedureCallOrComponentInstantiationStatement
  Name
    Identifier 'foo'
    ParenthesizedName
      LeftPar
      AssociationList
        AssociationElement
          ActualPart
            ActualPartExpression
              NameExpression
                Name
                  Identifier 'clk'
      RightPar
  SemiColon
