---
source: vhdl_syntax/src/parser/productions/concurrent_statement.rs
expression: "stmt_to_test_text(\"\\\nname : block (cond = true) is\nbegin\nend block;\",)"
---
BlockStatement
  BlockPreamble
    Label
      Identifier 'name'
      Colon
    Keyword(Block)
    ParenthesizedExpression
      LeftPar
      BinaryExpression
        NameExpression
          Name
            Identifier 'cond'
        EQ
        NameExpression
          Name
            Identifier 'true'
      RightPar
    Keyword(Is)
  DeclarationStatementSeparator
    Keyword(Begin)
  BlockEpilogue
    Keyword(End)
    Keyword(Block)
    SemiColon
