---
source: vhdl_syntax/src/parser/productions/concurrent_statement.rs
expression: "stmt_to_test_text(\"\\\nname : block\n  constant const : natural := 0;\nbegin\n  name2: foo(clk);\nend block;\",)"
---
BlockStatement
  Label
    Identifier 'name'
    Colon
  Keyword(Block)
  BlockHeader
  ConstantDeclaration
    Keyword(Constant)
    IdentifierList
      Identifier 'const'
    Colon
    SubtypeIndication
      Name
        Identifier 'natural'
    ColonEq
    LiteralExpression
      AbstractLiteral '0'
    SemiColon
  Keyword(Begin)
  ConcurrentProcedureCallOrComponentInstantiationStatement
    Label
      Identifier 'name2'
      Colon
    Name
      Identifier 'foo'
      RawTokens
        LeftPar
        Identifier 'clk'
        RightPar
    SemiColon
  Keyword(End)
  Keyword(Block)
  SemiColon
