---
source: vhdl_syntax/src/parser/productions/entity_declaration.rs
expression: "to_test_text(Parser::entity_declaration,\n\"\\\nentity myent is\nend entity myent;\",)"
---
EntityDeclaration
  EntityDeclarationPreamble
    Keyword(Entity)
    Identifier 'myent'
    Keyword(Is)
  EntityDeclarationEpilogue
    Keyword(End)
    Keyword(Entity)
    Identifier 'myent'
    SemiColon
