---
source: vhdl_syntax/src/parser/productions/names.rs
expression: "name_to_test_text(\"prefix(0 to 3)\")"
---
Name
  NameDesignatorPrefix
    Identifier 'prefix'
  ParenthesizedName
    LeftPar
    AssociationList
      AssociationElement
        ActualPart
          ActualPartExpression
            BinaryExpression
              LiteralExpression
                AbstractLiteral '0'
              Keyword(To)
              LiteralExpression
                AbstractLiteral '3'
    RightPar
