---
source: vhdl_syntax/src/parser/productions/names.rs
expression: "name_to_test_text(\"prefix[return natural]'foo(expr+1)\")"
---
Name
  Identifier 'prefix'
  AttributeName
    Signature
      LeftSquare
      Keyword(Return)
      Name
        Identifier 'natural'
      RightSquare
    Tick
    Identifier 'foo'
  RawTokens
    LeftPar
    Identifier 'expr'
    Plus
    AbstractLiteral '1'
    RightPar
