---
source: vhdl_syntax/src/parser/productions/sequential_statement.rs
expression: "stmt_to_test_text(\"\\\nlbl: with x select\n   foo <= bar when others;\n        \")"
---
SelectedWaveformAssignment
  StmtLabel
    Identifier 'lbl'
    Colon
  SelectedAssignmentPreamble
    Keyword(With)
    NameExpression
      Name
        NameDesignatorPrefix
          Identifier 'x'
    Keyword(Select)
  NameTarget
    Name
      NameDesignatorPrefix
        Identifier 'foo'
  LTE
  SelectedWaveforms
    SelectedWaveformItem
      WaveformElements
        WaveformElement
          NameExpression
            Name
              NameDesignatorPrefix
                Identifier 'bar'
      Keyword(When)
      Choices
        OthersChoice
          Keyword(Others)
  SemiColon
