---
source: vhdl_syntax/src/parser/productions/architecture.rs
expression: "to_test_text(Parser::architecture,\n\"\\\narchitecture arch_name of myent is\nbegin\nend architecture arch_name;\")"
---
ArchitectureBody
  ArchitecturePreamble
    Keyword(Architecture)
    Identifier 'arch_name'
    Keyword(Of)
    Name
      Identifier 'myent'
    Keyword(Is)
  DeclarationStatementSeparator
    Keyword(Begin)
  ArchitectureEpilogue
    Keyword(End)
    Keyword(Architecture)
    Identifier 'arch_name'
    SemiColon
