---
source: vhdl_syntax/src/parser/productions/subprogram.rs
expression: "to_test_text(Parser::subprogram_declaration, \"procedure foo(foo : natural);\")"
---
SubprogramDeclaration
  Keyword(Procedure)
  ProcedureSpecification
    Identifier 'foo'
    SubprogramHeader
    ParameterList
      ParenthesizedInterfaceList
        LeftPar
        InterfaceList
          InterfaceConstantDeclaration
            IdentifierList
              Identifier 'foo'
            Colon
            SubtypeIndication
              Name
                Identifier 'natural'
        RightPar
  SemiColon
