---
source: vhdl_syntax/src/parser/productions/expression.rs
expression: "expr_to_test_text(\"mark0'(0) < mark1'(1)\")"
---
BinaryExpression
  QualifiedExpression
    Name
      Identifier 'mark0'
    Tick
    ParenthesizedExpressionOrAggregate
      LeftPar
      ElementAssociation
        LiteralExpression
          AbstractLiteral '0'
      RightPar
  LT
  QualifiedExpression
    Name
      Identifier 'mark1'
    Tick
    ParenthesizedExpressionOrAggregate
      LeftPar
      ElementAssociation
        LiteralExpression
          AbstractLiteral '1'
      RightPar
