---
source: vhdl_syntax/src/parser/productions/sequential_statement.rs
expression: "stmt_to_test_text(\"\\\nfoo(0) <= bar(1,2) after 2 ns when cond;\n        \")"
---
ConditionalWaveformAssignment
  NameTarget
    Name
      NameDesignatorPrefix
        Identifier 'foo'
      ParenthesizedName
        LeftPar
        AssociationList
          AssociationElement
            ActualPart
              ActualPartExpression
                LiteralExpression
                  AbstractLiteral '0'
        RightPar
  LTE
  ConditionalWaveforms
    ConditionalWaveform
      WaveformElements
        WaveformElement
          NameExpression
            Name
              NameDesignatorPrefix
                Identifier 'bar'
              ParenthesizedName
                LeftPar
                AssociationList
                  AssociationElement
                    ActualPart
                      ActualPartExpression
                        LiteralExpression
                          AbstractLiteral '1'
                  Comma
                  AssociationElement
                    ActualPart
                      ActualPartExpression
                        LiteralExpression
                          AbstractLiteral '2'
                RightPar
          Keyword(After)
          PhysicalLiteralExpression
            PhysicalLiteral
              AbstractLiteral '2'
              Name
                NameDesignatorPrefix
                  Identifier 'ns'
      Keyword(When)
      NameExpression
        Name
          NameDesignatorPrefix
            Identifier 'cond'
  SemiColon
