---
source: vhdl_syntax/src/parser/productions/subprogram.rs
expression: "$crate :: parser :: test_utils :: render_recovery(code, & tree, & diags)"
---
== source ==
function f(a : integer) return ;

== tree ==
SubprogramDeclaration
  FunctionSpecification
    Keyword(Function)
    Identifier 'f'
    ParameterList
      ParenthesizedInterfaceList
        LeftPar
        InterfaceList
          InterfaceConstantDeclaration
            IdentifierList
              Identifier 'a'
            Colon
            SubtypeIndication
              Name
                Identifier 'integer'
        RightPar
    Keyword(Return)
  SemiColon

== diagnostics ==
1:31 Expected([Identifier, StringLiteral, CharacterLiteral])
