---
source: vhdl_syntax/src/parser/productions/sequential_statement.rs
expression: "stmt_to_test_text(\"foo(0) <= release;\")"
---
SimpleReleaseAssignment
  NameTarget
    Name
      NameDesignatorPrefix
        Identifier 'foo'
      ParenthesizedName
        LeftPar
        AssociationList
          AssociationElement
            ActualPart
              ActualPartExpression
                LiteralExpression
                  AbstractLiteral '0'
        RightPar
  LTE
  Keyword(Release)
  SemiColon
