---
source: vhdl_syntax/src/parser/productions/interface.rs
expression: "to_test_text(Parser::association_list, \"arg1, arg2\",)"
---
AssociationList
  AssociationElement
    ActualPart
      ActualPartExpression
        NameExpression
          Name
            NameDesignatorPrefix
              Identifier 'arg1'
  Comma
  AssociationElement
    ActualPart
      ActualPartExpression
        NameExpression
          Name
            NameDesignatorPrefix
              Identifier 'arg2'
