---
source: vhdl_syntax/src/parser/productions/concurrent_statement.rs
expression: "stmt_to_test_text(\"\\\ninst: lib.foo.bar\n  port map (\n   clk => clk_foo\n  );\",)"
---
ComponentInstantiationStatement
  Label
    Identifier 'inst'
    Colon
  ComponentInstantiatedUnit
    Name
      Identifier 'lib'
      SelectedName
        Dot
        Identifier 'foo'
      SelectedName
        Dot
        Identifier 'bar'
  ComponentInstantiationItems
    PortMapAspect
      Keyword(Port)
      Keyword(Map)
      LeftPar
      AssociationList
        AssociationElement
          FormalPart
            Name
              Identifier 'clk'
          RightArrow
          ActualPart
            Identifier 'clk_foo'
      RightPar
  SemiColon
