---
source: vhdl_syntax/src/parser/productions/subtype.rs
expression: "to_test_text(Parser::subtype_indication, \"integer_vector(lib.pkg.bar'range)\")"
---
SubtypeIndication
  Name
    Identifier 'integer_vector'
    ParenthesizedName
      LeftPar
      AssociationList
        AssociationElement
          ActualPart
            ActualPartExpression
              NameExpression
                Name
                  Identifier 'lib'
                  SelectedName
                    Dot
                    Identifier 'pkg'
                  SelectedName
                    Dot
                    Identifier 'bar'
                  AttributeName
                    Tick
                    Keyword(Range)
      RightPar
