---
source: vhdl_syntax/src/parser/productions/names.rs
expression: "name_to_test_text(\"prefix'foo(expr+1)\")"
---
Name
  Identifier 'prefix'
  AttributeName
    Tick
    Identifier 'foo'
  ParenthesizedName
    LeftPar
    AssociationList
      AssociationElement
        ActualPart
          ActualPartExpression
            BinaryExpression
              NameExpression
                Name
                  Identifier 'expr'
              Plus
              LiteralExpression
                AbstractLiteral '1'
    RightPar
