---
source: vhdl_syntax/src/parser/productions/attributes.rs
expression: "to_test_text(Parser::attribute_specification,\n\"attribute attr_name of foo, bar : signal is 0+1;\",)"
---
AttributeSpecification
  Keyword(Attribute)
  Identifier 'attr_name'
  Keyword(Of)
  EntitySpecification
    EntityDesignatorList
      EntityDesignator
        Identifier 'foo'
      Comma
      EntityDesignator
        Identifier 'bar'
    Colon
    Keyword(Signal)
  Keyword(Is)
  BinaryExpression
    LiteralExpression
      AbstractLiteral '0'
    Plus
    LiteralExpression
      AbstractLiteral '1'
  SemiColon
