---
source: vhdl_syntax/src/parser/productions/sequential_statement.rs
expression: "to_test_text(Parser::loop_statement,\n\"\\\nwhile foo = true loop\n  stmt1;\n  stmt2;\nend loop;\")"
---
LoopStatement
  WhileIterationScheme
    Keyword(While)
    BinaryExpression
      NameExpression
        Name
          Identifier 'foo'
      EQ
      NameExpression
        Name
          Identifier 'true'
  Keyword(Loop)
  SequentialStatements
    ProcedureCallStatement
      NameTarget
        Name
          Identifier 'stmt1'
      SemiColon
    ProcedureCallStatement
      NameTarget
        Name
          Identifier 'stmt2'
      SemiColon
  Keyword(End)
  Keyword(Loop)
  SemiColon
