---
source: vhdl_syntax/src/parser/productions/subprogram.rs
expression: "to_test_text(Parser::subprogram_instantiation_declaration,\n\"function my_proc is new proc;\")"
---
SubprogramInstantiationDeclaration
  SubprogramInstantiationDeclarationPreamble
    Keyword(Function)
    Identifier 'my_proc'
    Keyword(Is)
    Keyword(New)
    Name
      Identifier 'proc'
  SemiColon
