---
source: vhdl_syntax/src/parser/productions/subtype.rs
expression: "to_test_text(Parser::subtype_indication, \"resolve std_logic\")"
---
SubtypeIndication
  NameResolutionIndication
    Name
      NameDesignatorPrefix
        Identifier 'resolve'
  Name
    NameDesignatorPrefix
      Identifier 'std_logic'
