---
source: vhdl_syntax/src/parser/productions/subtype.rs
expression: "to_test_text(Parser::subtype_indication, \"integer_vector(2-1 downto 0)\")"
---
SubtypeIndication
  Name
    Identifier 'integer_vector'
    RawTokens
      LeftPar
      AbstractLiteral '2'
      Minus
      AbstractLiteral '1'
      Keyword(Downto)
      AbstractLiteral '0'
      RightPar
