---
source: vhdl_syntax/src/parser/productions/concurrent_statement.rs
expression: "stmt_to_test_text(\"inst: configuration lib.foo.bar;\",)"
---
ComponentInstantiationStatement
  Label
    Identifier 'inst'
    Colon
  ConfigurationInstantiatedUnit
    Keyword(Configuration)
    Name
      Identifier 'lib'
      SelectedName
        Dot
        Identifier 'foo'
      SelectedName
        Dot
        Identifier 'bar'
  SemiColon
