---
source: vhdl_syntax/src/parser/productions/sequential_statement.rs
expression: "stmt_to_test_text(\"\\\ndata_processing_state <= processing when processing_data else idle;\")"
---
ConditionalWaveformAssignment
  NameTarget
    Name
      NameDesignatorPrefix
        Identifier 'data_processing_state'
  LTE
  ConditionalWaveforms
    ConditionalWaveform
      WaveformElements
        WaveformElement
          NameExpression
            Name
              NameDesignatorPrefix
                Identifier 'processing'
      Keyword(When)
      NameExpression
        Name
          NameDesignatorPrefix
            Identifier 'processing_data'
    ConditionalWaveformElseItem
      Keyword(Else)
      WaveformElements
        WaveformElement
          NameExpression
            Name
              NameDesignatorPrefix
                Identifier 'idle'
  SemiColon
