---
source: vhdl_syntax/src/parser/productions/interface.rs
expression: "to_test_text(Parser::actual_part, \"T'(1, 2, 3)\")"
---
ActualPart
  ActualPartExpression
    QualifiedExpression
      Name
        Identifier 'T'
      Tick
      ParenthesizedExpressionOrAggregate
        LeftPar
        ElementAssociation
          LiteralExpression
            AbstractLiteral '1'
        Comma
        ElementAssociation
          LiteralExpression
            AbstractLiteral '2'
        Comma
        ElementAssociation
          LiteralExpression
            AbstractLiteral '3'
        RightPar
