---
source: vhdl_syntax/src/parser/productions/concurrent_statement.rs
expression: "stmt_to_test_text(\"\\\ngen: if cond = true generate\nbegin\nend generate;\",)"
---
IfGenerateStatement
  IfGenerateStatementPreamble
    Label
      Identifier 'gen'
      Colon
    Keyword(If)
    BinaryExpression
      NameExpression
        Name
          Identifier 'cond'
      EQ
      NameExpression
        Name
          Identifier 'true'
    Keyword(Generate)
  GenerateStatementBody
    DeclarationStatementSeparator
      Keyword(Begin)
  IfGenerateStatementEpilogue
    Keyword(End)
    Keyword(Generate)
    SemiColon
