---
source: vhdl_syntax/src/parser/productions/concurrent_statement.rs
expression: "stmt_to_test_text(\"name: foo(clk);\",)"
---
ConcurrentProcedureCallOrComponentInstantiationStatement
  Label
    Identifier 'name'
    Colon
  Name
    NameDesignatorPrefix
      Identifier 'foo'
    ParenthesizedName
      LeftPar
      AssociationList
        AssociationElement
          ActualPart
            ActualPartExpression
              NameExpression
                Name
                  NameDesignatorPrefix
                    Identifier 'clk'
      RightPar
  SemiColon
