---
source: vhdl_syntax/src/parser/productions/concurrent_statement.rs
expression: "stmt_to_test_text(\"\\\nname: block is\n  generic(gen: integer := 1);\n  generic map(gen => 1);\n  port(prt: integer := 1);\n  port map(prt => 2);\nbegin\nend block;\",)"
---
BlockStatement
  StmtLabel
    Identifier 'name'
    Colon
  BlockPreamble
    Keyword(Block)
    Keyword(Is)
  BlockHeader
    GenericPart
      GenericClause
        Keyword(Generic)
        LeftPar
        InterfaceList
          InterfaceObjectDeclaration
            IdentifierList
              Identifier 'gen'
            Colon
            SubtypeIndication
              Name
                NameDesignatorPrefix
                  Identifier 'integer'
            InitialValue
              ColonEq
              LiteralExpression
                AbstractLiteral '1'
        RightPar
        SemiColon
      GenericMap
        GenericMapAspect
          Keyword(Generic)
          Keyword(Map)
          LeftPar
          AssociationList
            AssociationElement
              Formal
                Name
                  NameDesignatorPrefix
                    Identifier 'gen'
                RightArrow
              ActualPart
                ActualPartExpression
                  LiteralExpression
                    AbstractLiteral '1'
          RightPar
        SemiColon
    PortPart
      PortClause
        Keyword(Port)
        LeftPar
        InterfaceList
          InterfaceObjectDeclaration
            IdentifierList
              Identifier 'prt'
            Colon
            SubtypeIndication
              Name
                NameDesignatorPrefix
                  Identifier 'integer'
            InitialValue
              ColonEq
              LiteralExpression
                AbstractLiteral '1'
        RightPar
        SemiColon
      PortMap
        PortMapAspect
          Keyword(Port)
          Keyword(Map)
          LeftPar
          AssociationList
            AssociationElement
              Formal
                Name
                  NameDesignatorPrefix
                    Identifier 'prt'
                RightArrow
              ActualPart
                ActualPartExpression
                  LiteralExpression
                    AbstractLiteral '2'
          RightPar
        SemiColon
  DeclarationStatementSeparator
    Keyword(Begin)
  BlockEpilogue
    Keyword(End)
    Keyword(Block)
    SemiColon
