---
source: vhdl_syntax/src/parser/productions/design.rs
expression: "to_test_text(Parser::context_declaration,\n\"\\\ncontext ident is\nend context ident;\")"
---
ContextDeclaration
  ContextDeclarationPreamble
    Keyword(Context)
    Identifier 'ident'
    Keyword(Is)
  ContextDeclarationEpilogue
    Keyword(End)
    Keyword(Context)
    Identifier 'ident'
    SemiColon
