---
source: vhdl_syntax/src/parser/productions/expression.rs
expression: "expr_to_test_text(\"<< signal dut.foo : boolean >>\")"
---
NameExpression
  Name
    ExternalSignalName
      LtLt
      Keyword(Signal)
      RelativePathname
        PartialPathname
          Identifier 'dut'
          Dot
          Identifier 'foo'
      Colon
      SubtypeIndication
        Name
          Identifier 'boolean'
      GtGt
