---
source: vhdl_syntax/src/parser/productions/expression.rs
expression: "expr_to_test_text(\"(1 downto 0 => 2)\")"
---
ParenthesizedExpressionOrAggregate
  LeftPar
  ElementAssociation
    Choices
      RangeExpression
        LiteralExpression
          AbstractLiteral '1'
        Keyword(Downto)
        LiteralExpression
          AbstractLiteral '0'
    RightArrow
    LiteralExpression
      AbstractLiteral '2'
  RightPar
