---
source: vhdl_syntax/src/parser/productions/scalar_types.rs
expression: "to_test_text(Parser::type_declaration, \"type enum_t is (A);\")"
---
FullTypeDeclaration
  Keyword(Type)
  Identifier 'enum_t'
  Keyword(Is)
  EnumerationTypeDefinition
    LeftPar
    Identifier 'A'
    RightPar
  SemiColon
