---
source: vhdl_syntax/src/parser/productions/concurrent_statement.rs
expression: "stmt_to_test_text(\"\\\ngen: for idx in 0 to 1 generate\nbegin\n  foo <= bar;\nend;\nend generate;\",)"
---
ForGenerateStatement
  ForGenerateStatementPreamble
    Label
      Identifier 'gen'
      Colon
    Keyword(For)
    ParameterSpecification
      Identifier 'idx'
      Keyword(In)
      RawTokens
        AbstractLiteral '0'
        Keyword(To)
        AbstractLiteral '1'
    Keyword(Generate)
  GenerateStatementBody
    DeclarationStatementSeparator
      Keyword(Begin)
    ConcurrentStatements
      ConcurrentSimpleSignalAssignment
        NameTarget
          Name
            Identifier 'foo'
        LTE
        WaveformElements
          WaveformElement
            NameExpression
              Name
                Identifier 'bar'
        SemiColon
    GenerateStatementBodyEpilogue
      Keyword(End)
      SemiColon
  ForGenerateStatementEpilogue
    Keyword(End)
    Keyword(Generate)
    SemiColon
