---
source: vhdl_syntax/src/parser/productions/component_declaration.rs
expression: "to_test_text(Parser::component_declaration, \"\\\ncomponent foo\nend component;\n\")"
---
ComponentDeclaration
  ComponentDeclarationPreamble
    Keyword(Component)
    Identifier 'foo'
  ComponentDeclarationEpilogue
    Keyword(End)
    Keyword(Component)
    SemiColon
