---
source: vhdl_syntax/src/parser/productions/object_declaration.rs
expression: "$crate :: parser :: test_utils :: render_recovery(code, & tree, & diags)"
---
== source ==
constant width : integer := ;

== tree ==
ConstantDeclaration
  Keyword(Constant)
  IdentifierList
    Identifier 'width'
  Colon
  SubtypeIndication
    Name
      Identifier 'integer'
  ColonEq
  SemiColon

== diagnostics ==
1:28 Expected([Identifier, LtLt, BitStringLiteral, CharacterLiteral, StringLiteral, Keyword(Null), AbstractLiteral, LeftPar, Keyword(New)])
