---
source: vhdl_syntax/src/parser/productions/component_declaration.rs
expression: "to_test_text(Parser::component_declaration,\n\"\\\ncomponent foo is\nend component foo;\n\",)"
---
ComponentDeclaration
  ComponentDeclarationPreamble
    Keyword(Component)
    Identifier 'foo'
    Keyword(Is)
  ComponentDeclarationEpilogue
    Keyword(End)
    Keyword(Component)
    Identifier 'foo'
    SemiColon
