---
source: vhdl_syntax/src/parser/productions/concurrent_statement.rs
expression: "stmt_to_test_text(\"\\\nname : block (cond = true) is\nbegin\nend block;\",)"
---
BlockStatement
  StmtLabel
    Identifier 'name'
    Colon
  BlockPreamble
    Keyword(Block)
    ParenthesizedCondition
      LeftPar
      BinaryExpression
        NameExpression
          Name
            NameDesignatorPrefix
              Identifier 'cond'
        EQ
        NameExpression
          Name
            NameDesignatorPrefix
              Identifier 'true'
      RightPar
    Keyword(Is)
  DeclarationStatementSeparator
    Keyword(Begin)
  BlockEpilogue
    Keyword(End)
    Keyword(Block)
    SemiColon
