---
source: vhdl_syntax/src/parser/productions/expression.rs
expression: "expr_to_test_text(\"foo'(1+2)\")"
---
NameExpression
  Name
    Identifier 'foo'
    AttributeName
      Tick
      ParenthesizedExpressionOrAggregate
        LeftPar
        AssociationList
          AssociationElement
            ActualPart
              AbstractLiteral '1'
              Plus
              AbstractLiteral '2'
        RightPar
