---
source: vhdl_syntax/src/parser/productions/expression.rs
expression: "expr_to_test_text(\"new integer_vector(0 to 1)\")"
---
Allocator
  Keyword(New)
  NameExpression
    Name
      NameDesignatorPrefix
        Identifier 'integer_vector'
      ParenthesizedName
        LeftPar
        AssociationList
          AssociationElement
            ActualPart
              ActualPartExpression
                BinaryExpression
                  LiteralExpression
                    AbstractLiteral '0'
                  Keyword(To)
                  LiteralExpression
                    AbstractLiteral '1'
        RightPar
