---
source: vhdl_syntax/src/parser/productions/interface.rs
expression: "to_test_text(Parser::actual_part, \"(elem resolve) rec_t\")"
---
ActualPart
  ActualPartSubtypeIndication
    SubtypeIndication
      ParenthesizedElementResolutionResolutionIndication
        LeftPar
        ElementResolutionResolutionIndication
          RecordResolutionElementResolution
            RecordResolution
              RecordElementResolution
                Identifier 'elem'
                NameResolutionIndication
                  Name
                    NameDesignatorPrefix
                      Identifier 'resolve'
        RightPar
      Name
        NameDesignatorPrefix
          Identifier 'rec_t'
