---
source: vhdl_syntax/src/parser/productions/names.rs
expression: "name_to_test_text(\"prefix(foo(0)'range)\")"
---
Name
  NameDesignatorPrefix
    Identifier 'prefix'
  ParenthesizedName
    LeftPar
    AssociationList
      AssociationElement
        ActualPart
          ActualPartExpression
            NameExpression
              Name
                NameDesignatorPrefix
                  Identifier 'foo'
                ParenthesizedName
                  LeftPar
                  AssociationList
                    AssociationElement
                      ActualPart
                        ActualPartExpression
                          LiteralExpression
                            AbstractLiteral '0'
                  RightPar
                AttributeName
                  Tick
                  Keyword(Range)
    RightPar
