---
source: vhdl_syntax/src/parser/productions/subprogram.rs
expression: "to_test_text(Parser::subprogram_declaration,\n\"function foo(foo : natural) return lib.foo.natural;\")"
---
SubprogramDeclaration
  FunctionSpecification
    Keyword(Function)
    Identifier 'foo'
    ParameterList
      ParenthesizedInterfaceList
        LeftPar
        InterfaceList
          InterfaceObjectDeclaration
            IdentifierList
              Identifier 'foo'
            Colon
            SubtypeIndication
              Name
                NameDesignatorPrefix
                  Identifier 'natural'
        RightPar
    Keyword(Return)
    Name
      NameDesignatorPrefix
        Identifier 'lib'
      SelectedName
        Dot
        Identifier 'foo'
      SelectedName
        Dot
        Identifier 'natural'
  SemiColon
