---
source: vhdl_syntax/src/parser/productions/interface.rs
expression: "to_test_text(Parser::actual_part, \"lib.pkg.resolve std_logic\")"
---
ActualPart
  ActualPartSubtypeIndication
    SubtypeIndication
      NameResolutionIndication
        Name
          Identifier 'lib'
          SelectedName
            Dot
            Identifier 'pkg'
          SelectedName
            Dot
            Identifier 'resolve'
      Name
        Identifier 'std_logic'
